commit 272ed07 started 2026-09-28T16:48:35-04:00
run dir: /home/ruchi/ruchi/AceAI/runs/20260928-164953_DataEng
asks: 5/5 valid (0 repaired); 5 uncached calls, 3514 tokens; merged duplicates: 0
5 modules; coverage 11/11; BCubed F1 0.673; sequence agreement vs CSV 0.455
run dir: /home/ruchi/ruchi/AceAI/runs/20260928-164959_DataEng
asks: 5/5 valid (0 repaired); 5 uncached calls, 3501 tokens; merged duplicates: 0
4 modules; coverage 11/11; BCubed F1 0.626; sequence agreement vs CSV 0.382
run dir: /home/ruchi/ruchi/AceAI/runs/20260928-165022_DataEng
asks: 5/5 valid (0 repaired); 5 uncached calls, 3506 tokens; merged duplicates: 0
7 modules; coverage 11/11; BCubed F1 0.465; sequence agreement vs CSV 0.418
run dir: /home/ruchi/ruchi/AceAI/runs/20260928-165248_CloudAdmin
asks: 5/5 valid (0 repaired); 5 uncached calls, 3537 tokens; merged duplicates: 0
6 modules; coverage 15/15; BCubed F1 0.582; sequence agreement vs CSV 0.943
run dir: /home/ruchi/ruchi/AceAI/runs/20260928-165318_CloudAdmin
asks: 5/5 valid (0 repaired); 5 uncached calls, 4101 tokens; merged duplicates: 0
6 modules; coverage 15/15; BCubed F1 0.515; sequence agreement vs CSV 0.867
run dir: /home/ruchi/ruchi/AceAI/runs/20260928-165407_CloudAdmin
asks: 5/5 valid (1 repaired); 6 uncached calls, 4715 tokens; merged duplicates: 0
5 modules; coverage 15/15; BCubed F1 0.603; sequence agreement vs CSV 0.905
run dir: /home/ruchi/ruchi/AceAI/runs/20260928-165445_CloudNative
asks: 5/5 valid (0 repaired); 5 uncached calls, 6639 tokens; merged duplicates: 16
15 modules; coverage 44/44; BCubed F1 0.25; sequence agreement vs CSV 0.646
run dir: /home/ruchi/ruchi/AceAI/runs/20260928-165544_CloudNative
asks: 5/5 valid (1 repaired); 6 uncached calls, 7718 tokens; merged duplicates: 16
17 modules; coverage 44/44; BCubed F1 0.228; sequence agreement vs CSV 0.64
run dir: /home/ruchi/ruchi/AceAI/runs/20260928-165649_CloudNative
asks: 5/5 valid (1 repaired); 6 uncached calls, 8544 tokens; merged duplicates: 16
13 modules; coverage 44/44; BCubed F1 0.275; sequence agreement vs CSV 0.653
| Setting | Course | Runs | Valid | Attempts | BCubed F1 | Order agr. | Seq. agr. | Prereq links | Modules | Tokens/run |
|---|---|---:|---:|---|---|---|---|---|---|---:|
| m3v1 | CloudAdmin | 3 | 3 | 2.33 (1.00–4.00) | 0.67 (0.56–0.79) | 0.93 (0.78–1.00) | 0.82 (0.76–0.89) | 11.33 (9.00–13.00) | 3.33 (2.00–5.00) | 6054 |
| m3v1 | CloudNative | 3 | 1 | 2.67 (2.00–4.00) | 0.52 | 0.50 | 0.61 | 18 | 5 | 12481 |
| m3v1 | DataEng | 3 | 3 | 1.67 (1.00–2.00) | 0.67 (0.63–0.75) | 0.36 (0.03–1.00) | 0.52 (0.34–0.85) | 5.67 (3.00–8.00) | 3.67 (3.00–4.00) | 4009 |
| m3v3 | CloudAdmin | 3 | 3 | 0.00 (0.00–0.00) | 0.57 (0.52–0.60) | 0.94 (0.92–0.98) | 0.91 (0.87–0.94) | 0.00 (0.00–0.00) | 5.67 (5.00–6.00) | 4118 |
| m3v3 | CloudNative | 3 | 3 | 0.00 (0.00–0.00) | 0.25 (0.23–0.28) | 0.51 (0.51–0.52) | 0.65 (0.64–0.65) | 0.00 (0.00–0.00) | 15.00 (13.00–17.00) | 7634 |
| m3v3 | DataEng | 3 | 3 | 0.00 (0.00–0.00) | 0.59 (0.47–0.67) | 0.08 (0.03–0.17) | 0.42 (0.38–0.46) | 0.00 (0.00–0.00) | 5.33 (4.00–7.00) | 3507 |
| m3v3k1 | CloudAdmin | 3 | 3 | 0.00 (0.00–0.00) | 0.63 (0.57–0.70) | 0.97 (0.94–1.00) | 0.88 (0.87–0.89) | 0.00 (0.00–0.00) | 4.33 (4.00–5.00) | 0 |
| m3v3k1 | CloudNative | 3 | 3 | 0.00 (0.00–0.00) | 0.48 (0.46–0.51) | 0.58 (0.53–0.65) | 0.64 (0.62–0.65) | 0.00 (0.00–0.00) | 4.00 (3.00–5.00) | 0 |
| m3v3k1 | DataEng | 3 | 3 | 0.00 (0.00–0.00) | 0.64 (0.58–0.72) | 0.08 (0.03–0.14) | 0.40 (0.34–0.47) | 0.00 (0.00–0.00) | 4.67 (4.00–6.00) | 0 |
| m3v3k3 | CloudAdmin | 3 | 3 | 0.00 (0.00–0.00) | 0.53 (0.49–0.58) | 0.90 (0.85–0.92) | 0.88 (0.87–0.90) | 0.00 (0.00–0.00) | 7.00 (5.00–8.00) | 0 |
| m3v3k3 | CloudNative | 3 | 3 | 0.00 (0.00–0.00) | 0.27 (0.24–0.30) | 0.52 (0.48–0.55) | 0.64 (0.63–0.65) | 0.00 (0.00–0.00) | 13.67 (12.00–15.00) | 0 |
| m3v3k3 | DataEng | 3 | 3 | 0.00 (0.00–0.00) | 0.58 (0.54–0.63) | 0.06 (0.03–0.10) | 0.39 (0.36–0.44) | 0.00 (0.00–0.00) | 4.67 (4.00–5.00) | 0 |

Run-to-run consistency (pairs of seeds of the same setting):

| Setting | Course | Pairs | Grouping ARI | Grouping BCubed F1 | Order agreement | Sequence agreement | Prereq edge Jaccard |
|---|---|---:|---|---|---|---|---|
| m3v1 | CloudAdmin | 3 | 0.24 (0.15–0.41) | 0.65 (0.60–0.69) | 0.81 (0.67–1.00) | 0.76 (0.72–0.80) | 0.42 (0.29–0.56) |
| m3v1 | CloudNative | 3 | 0.57 (0.35–1.00) | 0.73 (0.59–1.00) | 0.98 (0.97–1.00) | 0.90 (0.86–1.00) | 0.38 (0.07–1.00) |
| m3v1 | DataEng | 3 | 0.87 (0.80–1.00) | 0.93 (0.90–1.00) | 0.53 (0.30–1.00) | 0.59 (0.38–0.93) | 0.30 (0.22–0.40) |
| m3v3 | CloudAdmin | 3 | 0.48 (0.40–0.58) | 0.74 (0.71–0.80) | 0.95 (0.93–0.96) | 0.93 (0.92–0.94) | – |
| m3v3 | CloudNative | 3 | 0.48 (0.38–0.55) | 0.73 (0.67–0.77) | 0.93 (0.91–0.95) | 0.91 (0.89–0.93) | – |
| m3v3 | DataEng | 3 | 0.52 (0.36–0.71) | 0.78 (0.73–0.83) | 0.95 (0.93–1.00) | 0.92 (0.89–0.93) | – |
| m3v3k1 | CloudAdmin | 3 | 0.38 (0.26–0.50) | 0.73 (0.65–0.79) | 0.97 (0.92–1.00) | 0.87 (0.85–0.91) | – |
| m3v3k1 | CloudNative | 3 | 0.64 (0.61–0.66) | 0.76 (0.75–0.76) | 0.88 (0.85–0.91) | 0.84 (0.82–0.85) | – |
| m3v3k1 | DataEng | 3 | 0.48 (0.28–0.68) | 0.75 (0.66–0.85) | 0.92 (0.87–1.00) | 0.89 (0.84–0.93) | – |
| m3v3k3 | CloudAdmin | 3 | 0.38 (0.30–0.43) | 0.74 (0.69–0.79) | 0.92 (0.87–0.97) | 0.89 (0.86–0.94) | – |
| m3v3k3 | CloudNative | 3 | 0.50 (0.39–0.55) | 0.71 (0.64–0.76) | 0.86 (0.82–0.93) | 0.85 (0.81–0.91) | – |
| m3v3k3 | DataEng | 3 | 0.73 (0.56–0.88) | 0.89 (0.85–0.94) | 0.97 (0.95–1.00) | 0.93 (0.91–0.94) | – |
exit 0 at 2026-09-28T16:56:49-04:00
